2026-05-18 19:15:45.357: [INFO] OnDoneLoading sync enabled: 0
2026-05-18 19:15:56.075: [INFO] OnDoneLoading sync enabled: 0
2026-09-23 14:52:22.087: [INFO] CurrentProfilePath: C:\Users\heman\eclipse-workspace\.metadata\.plugins\org.eclipse.swt\EBWebView\Default
2026-09-23 14:52:22.087: [INFO] Profiles total count: 1
2026-09-23 14:52:22.087: [INFO] Profile: name=Profile 1 path=C:\Users\heman\eclipse-workspace\.metadata\.plugins\org.eclipse.swt\EBWebView\Default lastActive=2026-05-18T19:15:46.039Z
2026-09-23 14:52:22.087: [INFO] LastUsedProfileDir: C:\Users\heman\eclipse-workspace\.metadata\.plugins\org.eclipse.swt\EBWebView\Default
2026-09-23 14:52:22.087: [INFO] MostRecentlyActiveProfile: name=Profile 1 path=C:\Users\heman\eclipse-workspace\.metadata\.plugins\org.eclipse.swt\EBWebView\Default lastActive=2026-05-18T19:15:46.039Z
2026-09-23 14:52:22.087: [INFO] OnDoneLoading sync enabled: 0
2026-09-23 14:52:22.087: [INFO] BookmarkModelLoaded, ids_reassigned: 0
2026-09-23 14:52:22.087: [INFO] BookmarksLoadDropped droppedNodes=0
2026-09-23 14:52:22.087: [INFO] BookmarksSnapshot Startup total=0 bar=0 other=0 mobile=0 showBar=0 showBarNTP=1
2026-09-23 14:52:26.024: [INFO] BookmarksSnapshot Shutdown total=0 bar=0 other=0 mobile=0 showBar=0 showBarNTP=1
2026-09-24 05:42:40.830: [INFO] CurrentProfilePath: C:\Users\heman\eclipse-workspace\.metadata\.plugins\org.eclipse.swt\EBWebView\Default
2026-09-24 05:42:40.831: [INFO] Profiles total count: 1
2026-09-24 05:42:40.832: [INFO] Profile: name=Profile 1 path=C:\Users\heman\eclipse-workspace\.metadata\.plugins\org.eclipse.swt\EBWebView\Default lastActive=2026-05-18T19:15:46.039Z
2026-09-24 05:42:40.832: [INFO] LastUsedProfileDir: C:\Users\heman\eclipse-workspace\.metadata\.plugins\org.eclipse.swt\EBWebView\Default
2026-09-24 05:42:40.832: [INFO] MostRecentlyActiveProfile: name=Profile 1 path=C:\Users\heman\eclipse-workspace\.metadata\.plugins\org.eclipse.swt\EBWebView\Default lastActive=2026-05-18T19:15:46.039Z
2026-09-24 05:42:40.832: [INFO] OnDoneLoading sync enabled: 0
2026-09-24 05:42:40.832: [INFO] BookmarkModelLoaded, ids_reassigned: 0
2026-09-24 05:42:40.832: [INFO] BookmarksLoadDropped droppedNodes=0
2026-09-24 05:42:40.832: [INFO] BookmarksSnapshot Startup total=0 bar=0 other=0 mobile=0 showBar=0 showBarNTP=1
2026-09-24 05:42:55.753: [INFO] BookmarksSnapshot Shutdown total=0 bar=0 other=0 mobile=0 showBar=0 showBarNTP=1
2026-09-24 05:44:26.996: [INFO] CurrentProfilePath: C:\Users\heman\eclipse-workspace\.metadata\.plugins\org.eclipse.swt\EBWebView\Default
2026-09-24 05:44:26.996: [INFO] Profiles total count: 1
2026-09-24 05:44:26.996: [INFO] Profile: name=Profile 1 path=C:\Users\heman\eclipse-workspace\.metadata\.plugins\org.eclipse.swt\EBWebView\Default lastActive=2026-05-18T19:15:46.039Z
2026-09-24 05:44:26.996: [INFO] LastUsedProfileDir: C:\Users\heman\eclipse-workspace\.metadata\.plugins\org.eclipse.swt\EBWebView\Default
2026-09-24 05:44:26.996: [INFO] MostRecentlyActiveProfile: name=Profile 1 path=C:\Users\heman\eclipse-workspace\.metadata\.plugins\org.eclipse.swt\EBWebView\Default lastActive=2026-05-18T19:15:46.039Z
2026-09-24 05:44:26.996: [INFO] OnDoneLoading sync enabled: 0
2026-09-24 05:44:26.996: [INFO] BookmarkModelLoaded, ids_reassigned: 0
2026-09-24 05:44:26.996: [INFO] BookmarksLoadDropped droppedNodes=0
2026-09-24 05:44:26.996: [INFO] BookmarksSnapshot Startup total=0 bar=0 other=0 mobile=0 showBar=0 showBarNTP=1
2026-09-24 05:49:00.999: [INFO] BookmarksSnapshot Shutdown total=0 bar=0 other=0 mobile=0 showBar=0 showBarNTP=1
2026-09-24 05:49:01.397: [INFO] CurrentProfilePath: C:\Users\heman\eclipse-workspace\.metadata\.plugins\org.eclipse.swt\EBWebView\Default
2026-09-24 05:49:01.397: [INFO] Profiles total count: 1
2026-09-24 05:49:01.397: [INFO] Profile: name=Profile 1 path=C:\Users\heman\eclipse-workspace\.metadata\.plugins\org.eclipse.swt\EBWebView\Default lastActive=2026-05-18T19:15:46.039Z
2026-09-24 05:49:01.397: [INFO] LastUsedProfileDir: C:\Users\heman\eclipse-workspace\.metadata\.plugins\org.eclipse.swt\EBWebView\Default
2026-09-24 05:49:01.397: [INFO] MostRecentlyActiveProfile: name=Profile 1 path=C:\Users\heman\eclipse-workspace\.metadata\.plugins\org.eclipse.swt\EBWebView\Default lastActive=2026-05-18T19:15:46.039Z
2026-09-24 05:49:01.397: [INFO] OnDoneLoading sync enabled: 0
2026-09-24 05:49:01.397: [INFO] BookmarkModelLoaded, ids_reassigned: 0
2026-09-24 05:49:01.397: [INFO] BookmarksLoadDropped droppedNodes=0
2026-09-24 05:49:01.397: [INFO] BookmarksSnapshot Startup total=0 bar=0 other=0 mobile=0 showBar=0 showBarNTP=1
2026-09-24 05:50:45.448: [INFO] BookmarksSnapshot Shutdown total=0 bar=0 other=0 mobile=0 showBar=0 showBarNTP=1
2026-09-24 05:50:45.507: [INFO] CurrentProfilePath: C:\Users\heman\eclipse-workspace\.metadata\.plugins\org.eclipse.swt\EBWebView\Default
2026-09-24 05:50:45.507: [INFO] Profiles total count: 1
2026-09-24 05:50:45.507: [INFO] Profile: name=Profile 1 path=C:\Users\heman\eclipse-workspace\.metadata\.plugins\org.eclipse.swt\EBWebView\Default lastActive=2026-05-18T19:15:46.039Z
2026-09-24 05:50:45.507: [INFO] LastUsedProfileDir: C:\Users\heman\eclipse-workspace\.metadata\.plugins\org.eclipse.swt\EBWebView\Default
2026-09-24 05:50:45.507: [INFO] MostRecentlyActiveProfile: name=Profile 1 path=C:\Users\heman\eclipse-workspace\.metadata\.plugins\org.eclipse.swt\EBWebView\Default lastActive=2026-05-18T19:15:46.039Z
2026-09-24 05:50:45.507: [INFO] OnDoneLoading sync enabled: 0
2026-09-24 05:50:45.507: [INFO] BookmarkModelLoaded, ids_reassigned: 0
2026-09-24 05:50:45.507: [INFO] BookmarksLoadDropped droppedNodes=0
2026-09-24 05:50:45.507: [INFO] BookmarksSnapshot Startup total=0 bar=0 other=0 mobile=0 showBar=0 showBarNTP=1
2026-09-24 06:02:54.825: [INFO] BookmarksSnapshot Shutdown total=0 bar=0 other=0 mobile=0 showBar=0 showBarNTP=1
2026-09-24 06:02:55.000: [INFO] CurrentProfilePath: C:\Users\heman\eclipse-workspace\.metadata\.plugins\org.eclipse.swt\EBWebView\Default
2026-09-24 06:02:55.000: [INFO] Profiles total count: 1
2026-09-24 06:02:55.000: [INFO] Profile: name=Profile 1 path=C:\Users\heman\eclipse-workspace\.metadata\.plugins\org.eclipse.swt\EBWebView\Default lastActive=2026-05-18T19:15:46.039Z
2026-09-24 06:02:55.000: [INFO] LastUsedProfileDir: C:\Users\heman\eclipse-workspace\.metadata\.plugins\org.eclipse.swt\EBWebView\Default
2026-09-24 06:02:55.000: [INFO] MostRecentlyActiveProfile: name=Profile 1 path=C:\Users\heman\eclipse-workspace\.metadata\.plugins\org.eclipse.swt\EBWebView\Default lastActive=2026-05-18T19:15:46.039Z
2026-09-24 06:02:55.000: [INFO] OnDoneLoading sync enabled: 0
2026-09-24 06:02:55.000: [INFO] BookmarkModelLoaded, ids_reassigned: 0
2026-09-24 06:02:55.000: [INFO] BookmarksLoadDropped droppedNodes=0
2026-09-24 06:02:55.000: [INFO] BookmarksSnapshot Startup total=0 bar=0 other=0 mobile=0 showBar=0 showBarNTP=1
2026-09-24 06:04:15.298: [INFO] BookmarksSnapshot Shutdown total=0 bar=0 other=0 mobile=0 showBar=0 showBarNTP=1
2026-09-24 06:06:20.528: [INFO] CurrentProfilePath: C:\Users\heman\eclipse-workspace\.metadata\.plugins\org.eclipse.swt\EBWebView\Default
2026-09-24 06:06:20.528: [INFO] Profiles total count: 1
2026-09-24 06:06:20.528: [INFO] Profile: name=Profile 1 path=C:\Users\heman\eclipse-workspace\.metadata\.plugins\org.eclipse.swt\EBWebView\Default lastActive=2026-05-18T19:15:46.039Z
2026-09-24 06:06:20.528: [INFO] LastUsedProfileDir: C:\Users\heman\eclipse-workspace\.metadata\.plugins\org.eclipse.swt\EBWebView\Default
2026-09-24 06:06:20.528: [INFO] MostRecentlyActiveProfile: name=Profile 1 path=C:\Users\heman\eclipse-workspace\.metadata\.plugins\org.eclipse.swt\EBWebView\Default lastActive=2026-05-18T19:15:46.039Z
2026-09-24 06:06:20.528: [INFO] OnDoneLoading sync enabled: 0
2026-09-24 06:06:20.528: [INFO] BookmarkModelLoaded, ids_reassigned: 0
2026-09-24 06:06:20.528: [INFO] BookmarksLoadDropped droppedNodes=0
2026-09-24 06:06:20.528: [INFO] BookmarksSnapshot Startup total=0 bar=0 other=0 mobile=0 showBar=0 showBarNTP=1
2026-09-24 06:09:19.287: [INFO] BookmarksSnapshot Shutdown total=0 bar=0 other=0 mobile=0 showBar=0 showBarNTP=1
2026-09-24 06:09:19.450: [INFO] CurrentProfilePath: C:\Users\heman\eclipse-workspace\.metadata\.plugins\org.eclipse.swt\EBWebView\Default
2026-09-24 06:09:19.450: [INFO] Profiles total count: 1
2026-09-24 06:09:19.450: [INFO] Profile: name=Profile 1 path=C:\Users\heman\eclipse-workspace\.metadata\.plugins\org.eclipse.swt\EBWebView\Default lastActive=2026-05-18T19:15:46.039Z
2026-09-24 06:09:19.450: [INFO] LastUsedProfileDir: C:\Users\heman\eclipse-workspace\.metadata\.plugins\org.eclipse.swt\EBWebView\Default
2026-09-24 06:09:19.450: [INFO] MostRecentlyActiveProfile: name=Profile 1 path=C:\Users\heman\eclipse-workspace\.metadata\.plugins\org.eclipse.swt\EBWebView\Default lastActive=2026-05-18T19:15:46.039Z
2026-09-24 06:09:19.450: [INFO] OnDoneLoading sync enabled: 0
2026-09-24 06:09:19.450: [INFO] BookmarkModelLoaded, ids_reassigned: 0
2026-09-24 06:09:19.450: [INFO] BookmarksLoadDropped droppedNodes=0
2026-09-24 06:09:19.450: [INFO] BookmarksSnapshot Startup total=0 bar=0 other=0 mobile=0 showBar=0 showBarNTP=1
2026-09-24 06:15:11.334: [INFO] BookmarksSnapshot Shutdown total=0 bar=0 other=0 mobile=0 showBar=0 showBarNTP=1
2026-09-25 08:00:16.386: [INFO] CurrentProfilePath: C:\Users\heman\eclipse-workspace\.metadata\.plugins\org.eclipse.swt\EBWebView\Default
2026-09-25 08:00:16.386: [INFO] Profiles total count: 1
2026-09-25 08:00:16.386: [INFO] Profile: name=Profile 1 path=C:\Users\heman\eclipse-workspace\.metadata\.plugins\org.eclipse.swt\EBWebView\Default lastActive=2026-05-18T19:15:46.039Z
2026-09-25 08:00:16.386: [INFO] LastUsedProfileDir: C:\Users\heman\eclipse-workspace\.metadata\.plugins\org.eclipse.swt\EBWebView\Default
2026-09-25 08:00:16.386: [INFO] MostRecentlyActiveProfile: name=Profile 1 path=C:\Users\heman\eclipse-workspace\.metadata\.plugins\org.eclipse.swt\EBWebView\Default lastActive=2026-05-18T19:15:46.039Z
2026-09-25 08:00:16.386: [INFO] OnDoneLoading sync enabled: 0
2026-09-25 08:00:16.386: [INFO] BookmarkModelLoaded, ids_reassigned: 0
2026-09-25 08:00:16.386: [INFO] BookmarksLoadDropped droppedNodes=0
2026-09-25 08:00:16.386: [INFO] BookmarksSnapshot Startup total=0 bar=0 other=0 mobile=0 showBar=0 showBarNTP=1
2026-09-26 18:22:48.182: [INFO] BookmarksSnapshot Shutdown total=0 bar=0 other=0 mobile=0 showBar=0 showBarNTP=1
2026-09-26 18:41:14.645: [INFO] CurrentProfilePath: C:\Users\heman\eclipse-workspace\.metadata\.plugins\org.eclipse.swt\EBWebView\Default
2026-09-26 18:41:14.646: [INFO] Profiles total count: 1
2026-09-26 18:41:14.646: [INFO] Profile: name=Profile 1 path=C:\Users\heman\eclipse-workspace\.metadata\.plugins\org.eclipse.swt\EBWebView\Default lastActive=2026-05-18T19:15:46.039Z
2026-09-26 18:41:14.646: [INFO] LastUsedProfileDir: C:\Users\heman\eclipse-workspace\.metadata\.plugins\org.eclipse.swt\EBWebView\Default
2026-09-26 18:41:14.646: [INFO] MostRecentlyActiveProfile: name=Profile 1 path=C:\Users\heman\eclipse-workspace\.metadata\.plugins\org.eclipse.swt\EBWebView\Default lastActive=2026-05-18T19:15:46.039Z
2026-09-26 18:41:14.646: [INFO] OnDoneLoading sync enabled: 0
2026-09-26 18:41:14.646: [INFO] BookmarkModelLoaded, ids_reassigned: 0
2026-09-26 18:41:14.646: [INFO] BookmarksLoadDropped droppedNodes=0
2026-09-26 18:41:14.646: [INFO] BookmarksSnapshot Startup total=0 bar=0 other=0 mobile=0 showBar=0 showBarNTP=1
2026-10-01 07:15:18.739: [INFO] BookmarksSnapshot Shutdown total=0 bar=0 other=0 mobile=0 showBar=0 showBarNTP=1
