{"logTime": "0923/145222", "level": "INFO", "message": "UserPrefStore loaded: error=NONE (0)"}
{"logTime": "0924/054240", "level": "INFO", "message": "UserPrefStore loaded: error=NONE (0)"}
{"logTime": "0924/054426", "level": "INFO", "message": "UserPrefStore loaded: error=NONE (0)"}
{"logTime": "0924/054901", "level": "INFO", "message": "UserPrefStore loaded: error=NONE (0)"}
{"logTime": "0924/055045", "level": "INFO", "message": "UserPrefStore loaded: error=NONE (0)"}
{"logTime": "0924/060254", "level": "INFO", "message": "UserPrefStore loaded: error=NONE (0)"}
{"logTime": "0924/060620", "level": "INFO", "message": "UserPrefStore loaded: error=NONE (0)"}
{"logTime": "0924/060919", "level": "INFO", "message": "UserPrefStore loaded: error=NONE (0)"}
{"logTime": "0925/080016", "level": "INFO", "message": "UserPrefStore loaded: error=NONE (0)"}
{"logTime": "0926/184114", "level": "INFO", "message": "UserPrefStore loaded: error=NONE (0)"}
{"logTime": "1008/065451", "level": "INFO", "message": "UserPrefStore loaded: error=NONE (0)"}
{"logTime": "1008/065451", "level": "INFO", "message": "Preference changed: name=extensions.last_chrome_version, new_value=\"154.0.4258.62\", source=unknown"}
{"logTime": "1008/065451", "level": "INFO", "message": "Preference changed: name=gaia_cookie.periodic_report_time_2, new_value=\"13435916091006258\", source=unknown"}
{"logTime": "1008/065451", "level": "INFO", "message": "Preference changed: name=optimization_guide.previously_registered_optimization_types, new_value=[object], source=unknown"}
{"logTime": "1008/065451", "level": "INFO", "message": "Preference changed: name=extensions.chrome_url_overrides, new_value=[object], source=unknown"}
{"logTime": "1008/065451", "level": "INFO", "message": "Preference changed: name=sessions.session_data_status, new_value=1, source=unknown"}
{"logTime": "1008/065451", "level": "INFO", "message": "Preference changed: name=sessions.event_log, new_value=[object], source=unknown"}
{"logTime": "1008/065451", "level": "INFO", "message": "Preference changed: name=optimization_guide.previously_registered_optimization_types, new_value=[object], source=unknown"}
{"logTime": "1008/065451", "level": "INFO", "message": "Preference changed: name=optimization_guide.previously_registered_optimization_types, new_value=[object], source=unknown"}
{"logTime": "1008/065451", "level": "INFO", "message": "Preference changed: name=optimization_guide.previously_registered_optimization_types, new_value=[object], source=unknown"}
{"logTime": "1008/065451", "level": "INFO", "message": "Preference changed: name=optimization_guide.previously_registered_optimization_types, new_value=[object], source=unknown"}
{"logTime": "1008/065451", "level": "INFO", "message": "Preference changed: name=optimization_guide.previously_registered_optimization_types, new_value=[object], source=unknown"}
{"logTime": "1008/065451", "level": "INFO", "message": "Preference changed: name=profile.network_pbs, new_value=[object], source=unknown"}
{"logTime": "1008/065451", "level": "INFO", "message": "Preference changed: name=extensions.settings, new_value=[object], source=unknown"}
{"logTime": "1008/065451", "level": "INFO", "message": "Preference changed: name=extensions.settings, new_value=[object], source=unknown"}
{"logTime": "1008/065451", "level": "INFO", "message": "Preference changed: name=profile.password_hash_data_list, new_value=[object], source=unknown"}
{"logTime": "1008/065451", "level": "INFO", "message": "Preference changed: name=schedule_to_flush_to_disk, new_value=\"13435916091023929\", source=unknown"}
{"logTime": "1008/065451", "level": "INFO", "message": "Preference changed: name=schedule_to_flush_to_disk, new_value=\"13435916091024288\", source=unknown"}
{"logTime": "1008/065451", "level": "INFO", "message": "Preference changed: name=muid.last_sync, new_value=\"13435916091024337\", source=unknown"}
{"logTime": "1008/065451", "level": "INFO", "message": "Preference changed: name=bookmark.storage_computation_last_update, new_value=\"13435916091024426\", source=unknown"}
{"logTime": "1008/065451", "level": "INFO", "message": "Preference changed: name=edge.services.signin_scoped_device_id, new_value=\"ed9a9f94-b431-490d-90e8-8ac89284505f\", source=unknown"}
{"logTime": "1008/065451", "level": "INFO", "message": "Preference changed: name=account_tracker_service_last_update, new_value=\"13435916091025524\", source=unknown"}
{"logTime": "1008/065451", "level": "INFO", "message": "Preference changed: name=commerce_daily_metrics_last_update_time, new_value=\"13435916091025918\", source=unknown"}
{"logTime": "1008/065451", "level": "INFO", "message": "Preference changed: name=autofill.last_version_deduped, new_value=154, source=unknown"}
{"logTime": "1008/065451", "level": "INFO", "message": "Preference changed: name=optimization_guide.previously_registered_optimization_types, new_value=[object], source=unknown"}
{"logTime": "1008/065451", "level": "INFO", "message": "Preference changed: name=extensions.chrome_url_overrides, new_value=[object], source=unknown"}
{"logTime": "1008/065451", "level": "INFO", "message": "Preference changed: name=autofill.credit_card_enabled, new_value=false, source=unknown"}
{"logTime": "1008/065451", "level": "INFO", "message": "Preference changed: name=enable_edge_collections, new_value=false, source=unknown"}
{"logTime": "1008/065451", "level": "INFO", "message": "Preference changed: name=resolve_navigation_errors_use_web_service.enabled, new_value=false, source=unknown"}
{"logTime": "1008/065451", "level": "INFO", "message": "Preference changed: name=alternate_error_pages.enabled, new_value=false, source=unknown"}
{"logTime": "1008/065451", "level": "INFO", "message": "Preference changed: name=optimization_guide.previously_registered_optimization_types, new_value=[object], source=unknown"}
{"logTime": "1008/065451", "level": "INFO", "message": "Preference changed: name=in_product_help.session_start_time, new_value=\"13435916091055751\", source=unknown"}
{"logTime": "1008/065451", "level": "INFO", "message": "Preference changed: name=in_product_help.session_number, new_value=7, source=unknown"}
{"logTime": "1008/065451", "level": "INFO", "message": "Preference changed: name=in_product_help.session_last_active_time, new_value=\"13435916091055751\", source=unknown"}
{"logTime": "1008/065451", "level": "INFO", "message": "Preference changed: name=in_product_help.recent_session_start_times, new_value=[object], source=unknown"}
{"logTime": "1008/065451", "level": "INFO", "message": "Preference changed: name=optimization_guide.previously_registered_optimization_types, new_value=[object], source=unknown"}
{"logTime": "1008/065451", "level": "INFO", "message": "Preference changed: name=profile.content_settings.exceptions.storage_access_header_origin_trial, new_value=[object], source=unknown"}
{"logTime": "1008/065451", "level": "INFO", "message": "Preference changed: name=autocomplete.retention_policy_last_version, new_value=154, source=unknown"}
{"logTime": "1008/065451", "level": "INFO", "message": "Preference changed: name=sessions.session_data_status, new_value=2, source=unknown"}
{"logTime": "1008/065451", "level": "INFO", "message": "Preference changed: name=sessions.session_data_status, new_value=3, source=unknown"}
{"logTime": "1008/065451", "level": "INFO", "message": "Preference changed: name=sessions.session_data_status, new_value=1, source=unknown"}
{"logTime": "1008/065451", "level": "INFO", "message": "Preference changed: name=sessions.event_log, new_value=[object], source=unknown"}
{"logTime": "1008/065451", "level": "INFO", "message": "Preference changed: name=edge_rewards.refresh_status_muted_until, new_value=\"13436520891150394\", source=unknown"}
{"logTime": "1008/065451", "level": "INFO", "message": "Preference changed: name=fsd.retention_policy_last_version, new_value=154, source=unknown"}
{"logTime": "1008/065501", "level": "INFO", "message": "PrefStore write completed: store=4, success=true"}
{"logTime": "1008/065501", "level": "INFO", "message": "PrefStore write completed: store=4, success=true"}
{"logTime": "1008/065501", "level": "INFO", "message": "Preference changed: name=edge.bookmarks.last_dup_info_record_time, new_value=\"13435916101039939\", source=unknown"}
{"logTime": "1008/065511", "level": "INFO", "message": "PrefStore write completed: store=4, success=true"}
{"logTime": "1008/065521", "level": "INFO", "message": "Preference changed: name=profile.last_time_password_store_metrics_reported, new_value=1791442521.013983, source=unknown"}
{"logTime": "1008/065521", "level": "INFO", "message": "Preference changed: name=edge_wallet.passwords.password_lost_report_date, new_value=\"13435916121014184\", source=unknown"}
{"logTime": "1008/065531", "level": "INFO", "message": "PrefStore write completed: store=4, success=true"}
{"logTime": "1009/065557", "level": "INFO", "message": "Preference changed: name=account_tracker_service_last_update, new_value=\"13436002557681721\", source=unknown"}
{"logTime": "1009/065557", "level": "INFO", "message": "Preference changed: name=bookmark.storage_computation_last_update, new_value=\"13436002557689610\", source=unknown"}
{"logTime": "1009/065557", "level": "INFO", "message": "Preference changed: name=muid.last_sync, new_value=\"13436002557692646\", source=unknown"}
{"logTime": "1009/065557", "level": "INFO", "message": "Preference changed: name=gaia_cookie.periodic_report_time_2, new_value=\"13436002557694995\", source=unknown"}
{"logTime": "1009/065557", "level": "INFO", "message": "Preference changed: name=commerce_daily_metrics_last_update_time, new_value=\"13436002557696483\", source=unknown"}
{"logTime": "1009/065607", "level": "INFO", "message": "PrefStore write completed: store=4, success=true"}
{"logTime": "1009/072801", "level": "INFO", "message": "Preference changed: name=language_model_counters, new_value=[object], source=unknown"}
{"logTime": "1009/075320", "level": "INFO", "message": "Preference changed: name=language_dwell_time_average, new_value=[object], source=unknown"}
{"logTime": "1009/075320", "level": "INFO", "message": "Preference changed: name=language_usage_count, new_value=[object], source=unknown"}
{"logTime": "1009/075320", "level": "INFO", "message": "Preference changed: name=language_model_counters, new_value=[object], source=unknown"}
{"logTime": "1009/075330", "level": "INFO", "message": "PrefStore write completed: store=4, success=true"}
